This file contains any messages produced by compilers while
running configure, to aid debugging if configure makes a mistake.

It was created by configure, which was
generated by GNU Autoconf 2.59.  Invocation command line was

  $ ./configure --no-create --no-recursion

## --------- ##
## Platform. ##
## --------- ##

hostname = wintao
uname -m = i686
uname -r = 1.5.5(0.94/3/2)
uname -s = CYGWIN_NT-5.0
uname -v = 2003-09-20 16:31

/usr/bin/uname -p = unknown
/bin/uname -X     = unknown

/bin/arch              = unknown
/usr/bin/arch -k       = unknown
/usr/convex/getsysinfo = unknown
hostinfo               = unknown
/bin/machine           = unknown
/usr/bin/oslevel       = unknown
/bin/universe          = unknown

PATH: /usr/local/bin
PATH: /usr/bin
PATH: /bin
PATH: /cygdrive/f/codewarrior/Other Metrowerks Tools/Command Line Tools
PATH: /cygdrive/f/codewarrior/Win32-x86 Support/Libraries/Runtime/Libs/MSL_All-DLLs
PATH: /cygdrive/f/codewarrior/Win32-x86 Support/Libraries/MFC/Libs
PATH: /cygdrive/f/codewarrior/Bin
PATH: /cygdrive/c/WINNT/system32
PATH: /cygdrive/c/WINNT
PATH: /cygdrive/c/WINNT/System32/Wbem


## ----------- ##
## Core tests. ##
## ----------- ##

configure:1294: checking for a BSD-compatible install
configure:1349: result: /usr/bin/install -c
configure:1360: checking whether build environment is sane
configure:1403: result: yes
configure:1436: checking for gawk
configure:1452: found /usr/bin/gawk
configure:1462: result: gawk
configure:1472: checking whether make sets $(MAKE)
configure:1492: result: yes
configure:1708: checking for g++
configure:1724: found /usr/bin/g++
configure:1734: result: g++
configure:1750: checking for C++ compiler version
configure:1753: g++ --version </dev/null >&5
g++ (GCC) 3.3.1 (cygming special)
Copyright (C) 2003 Free Software Foundation, Inc.
This is free software; see the source for copying conditions.  There is NO
warranty; not even for MERCHANTABILITY or FITNESS FOR A PARTICULAR PURPOSE.

configure:1756: $? = 0
configure:1758: g++ -v </dev/null >&5
Reading specs from /usr/lib/gcc-lib/i686-pc-cygwin/3.3.1/specs
Configured with: /GCC/gcc-3.3.1-3/configure --with-gcc --with-gnu-ld --with-gnu-as --prefix=/usr --exec-prefix=/usr --sysconfdir=/etc --libdir=/usr/lib --libexecdir=/usr/sbin --mandir=/usr/share/man --infodir=/usr/share/info --enable-languages=c,ada,c++,f77,pascal,java,objc --enable-libgcj --enable-threads=posix --with-system-zlib --enable-nls --without-included-gettext --enable-interpreter --enable-sjlj-exceptions --disable-version-specific-runtime-libs --enable-shared --disable-win32-registry --enable-java-gc=boehm --disable-hash-synchronization --verbose --target=i686-pc-cygwin --host=i686-pc-cygwin --build=i686-pc-cygwin
Thread model: posix
gcc version 3.3.1 (cygming special)
configure:1761: $? = 0
configure:1763: g++ -V </dev/null >&5
g++: `-V' option must have argument
configure:1766: $? = 1
configure:1789: checking for C++ compiler default output file name
configure:1792: g++    conftest.cc  >&5
configure:1795: $? = 0
configure:1841: result: a.exe
configure:1846: checking whether the C++ compiler works
configure:1852: ./a.exe
configure:1855: $? = 0
configure:1872: result: yes
configure:1879: checking whether we are cross compiling
configure:1881: result: no
configure:1884: checking for suffix of executables
configure:1886: g++ -o conftest.exe    conftest.cc  >&5
configure:1889: $? = 0
configure:1914: result: .exe
configure:1920: checking for suffix of object files
configure:1941: g++ -c   conftest.cc >&5
configure:1944: $? = 0
configure:1966: result: o
configure:1970: checking whether we are using the GNU C++ compiler
configure:1994: g++ -c   conftest.cc >&5
configure:2000: $? = 0
configure:2004: test -z 
			 || test ! -s conftest.err
configure:2007: $? = 0
configure:2010: test -s conftest.o
configure:2013: $? = 0
configure:2026: result: yes
configure:2032: checking whether g++ accepts -g
configure:2053: g++ -c -g  conftest.cc >&5
configure:2059: $? = 0
configure:2063: test -z 
			 || test ! -s conftest.err
configure:2066: $? = 0
configure:2069: test -s conftest.o
configure:2072: $? = 0
configure:2083: result: yes
configure:2125: g++ -c -g -O2  conftest.cc >&5
configure:2131: $? = 0
configure:2135: test -z 
			 || test ! -s conftest.err
configure:2138: $? = 0
configure:2141: test -s conftest.o
configure:2144: $? = 0
configure:2170: g++ -c -g -O2  conftest.cc >&5
conftest.cc: In function `int main()':
conftest.cc:15: error: `exit' undeclared (first use this function)
conftest.cc:15: error: (Each undeclared identifier is reported only once for 
   each function it appears in.)
configure:2176: $? = 1
configure: failed program was:
| /* confdefs.h.  */
| 
| #define PACKAGE_NAME ""
| #define PACKAGE_TARNAME ""
| #define PACKAGE_VERSION ""
| #define PACKAGE_STRING ""
| #define PACKAGE_BUGREPORT ""
| #define PACKAGE "yassl"
| #define VERSION "0.3.0"
| /* end confdefs.h.  */
| 
| int
| main ()
| {
| exit (42);
|   ;
|   return 0;
| }
configure:2125: g++ -c -g -O2  conftest.cc >&5
configure:2131: $? = 0
configure:2135: test -z 
			 || test ! -s conftest.err
configure:2138: $? = 0
configure:2141: test -s conftest.o
configure:2144: $? = 0
configure:2170: g++ -c -g -O2  conftest.cc >&5
configure:2176: $? = 0
configure:2180: test -z 
			 || test ! -s conftest.err
configure:2183: $? = 0
configure:2186: test -s conftest.o
configure:2189: $? = 0
configure:2223: checking for style of include used by make
configure:2251: result: GNU
configure:2279: checking dependency style of g++
configure:2362: result: gcc3
configure:2392: checking for a BSD-compatible install
configure:2447: result: /usr/bin/install -c
configure:2499: checking for ranlib
configure:2515: found /usr/bin/ranlib
configure:2526: result: ranlib
configure:2679: creating ./config.status

## ---------------- ##
## Cache variables. ##
## ---------------- ##

ac_cv_cxx_compiler_gnu=yes
ac_cv_env_CPPFLAGS_set=
ac_cv_env_CPPFLAGS_value=
ac_cv_env_CXXFLAGS_set=
ac_cv_env_CXXFLAGS_value=
ac_cv_env_CXX_set=
ac_cv_env_CXX_value=
ac_cv_env_LDFLAGS_set=
ac_cv_env_LDFLAGS_value=
ac_cv_env_build_alias_set=
ac_cv_env_build_alias_value=
ac_cv_env_host_alias_set=
ac_cv_env_host_alias_value=
ac_cv_env_target_alias_set=
ac_cv_env_target_alias_value=
ac_cv_exeext=.exe
ac_cv_objext=o
ac_cv_path_install='/usr/bin/install -c'
ac_cv_prog_AWK=gawk
ac_cv_prog_ac_ct_CXX=g++
ac_cv_prog_ac_ct_RANLIB=ranlib
ac_cv_prog_cxx_g=yes
ac_cv_prog_make_make_set=yes
am_cv_CXX_dependencies_compiler_type=gcc3

## ----------------- ##
## Output variables. ##
## ----------------- ##

ACLOCAL='${SHELL} /cygdrive/f/yassl/missing --run aclocal-1.7'
AMDEPBACKSLASH='\'
AMDEP_FALSE='#'
AMDEP_TRUE=''
AMTAR='${SHELL} /cygdrive/f/yassl/missing --run tar'
AUTOCONF='${SHELL} /cygdrive/f/yassl/missing --run autoconf'
AUTOHEADER='${SHELL} /cygdrive/f/yassl/missing --run autoheader'
AUTOMAKE='${SHELL} /cygdrive/f/yassl/missing --run automake-1.7'
AWK='gawk'
CPPFLAGS=''
CXX='g++'
CXXDEPMODE='depmode=gcc3'
CXXFLAGS='-g -O2'
CYGPATH_W='cygpath -w'
DEFS='-DPACKAGE_NAME=\"\" -DPACKAGE_TARNAME=\"\" -DPACKAGE_VERSION=\"\" -DPACKAGE_STRING=\"\" -DPACKAGE_BUGREPORT=\"\" -DPACKAGE=\"yassl\" -DVERSION=\"0.3.0\" '
DEPDIR='.deps'
ECHO_C=''
ECHO_N='-n'
ECHO_T=''
EXEEXT='.exe'
INSTALL_DATA='${INSTALL} -m 644'
INSTALL_PROGRAM='${INSTALL}'
INSTALL_SCRIPT='${INSTALL}'
INSTALL_STRIP_PROGRAM='${SHELL} $(install_sh) -c -s'
LDFLAGS=''
LIBOBJS=''
LIBS=''
LTLIBOBJS=''
MAKEINFO='${SHELL} /cygdrive/f/yassl/missing --run makeinfo'
OBJEXT='o'
PACKAGE='yassl'
PACKAGE_BUGREPORT=''
PACKAGE_NAME=''
PACKAGE_STRING=''
PACKAGE_TARNAME=''
PACKAGE_VERSION=''
PATH_SEPARATOR=':'
RANLIB='ranlib'
SET_MAKE=''
SHELL='/bin/sh'
STRIP=''
VERSION='0.3.0'
ac_ct_CXX='g++'
ac_ct_RANLIB='ranlib'
ac_ct_STRIP=''
am__fastdepCXX_FALSE='#'
am__fastdepCXX_TRUE=''
am__include='include'
am__leading_dot='.'
am__quote=''
bindir='${exec_prefix}/bin'
build_alias=''
datadir='${prefix}/share'
exec_prefix='${prefix}'
host_alias=''
includedir='${prefix}/include'
infodir='${prefix}/info'
install_sh='/cygdrive/f/yassl/install-sh'
libdir='${exec_prefix}/lib'
libexecdir='${exec_prefix}/libexec'
localstatedir='${prefix}/var'
mandir='${prefix}/man'
oldincludedir='/usr/include'
prefix='/usr/local'
program_transform_name='s,x,x,'
sbindir='${exec_prefix}/sbin'
sharedstatedir='${prefix}/com'
sysconfdir='${prefix}/etc'
target_alias=''

## ----------- ##
## confdefs.h. ##
## ----------- ##

#define PACKAGE "yassl"
#define PACKAGE_BUGREPORT ""
#define PACKAGE_NAME ""
#define PACKAGE_STRING ""
#define PACKAGE_TARNAME ""
#define PACKAGE_VERSION ""
#define VERSION "0.3.0"
#endif
#ifdef __cplusplus
extern "C" void std::exit (int) throw (); using std::exit;

configure: exit 0

## ---------------------- ##
## Running config.status. ##
## ---------------------- ##

This file was extended by config.status, which was
generated by GNU Autoconf 2.59.  Invocation command line was

  CONFIG_FILES    = 
  CONFIG_HEADERS  = 
  CONFIG_LINKS    = 
  CONFIG_COMMANDS = 
  $ ./config.status Makefile

on wintao

config.status:687: creating Makefile

## ---------------------- ##
## Running config.status. ##
## ---------------------- ##

This file was extended by config.status, which was
generated by GNU Autoconf 2.59.  Invocation command line was

  CONFIG_FILES    = 
  CONFIG_HEADERS  = 
  CONFIG_LINKS    = 
  CONFIG_COMMANDS = 
  $ ./config.status taocrypt/Makefile

on wintao

config.status:687: creating taocrypt/Makefile

## ---------------------- ##
## Running config.status. ##
## ---------------------- ##

This file was extended by config.status, which was
generated by GNU Autoconf 2.59.  Invocation command line was

  CONFIG_FILES    = 
  CONFIG_HEADERS  = 
  CONFIG_LINKS    = 
  CONFIG_COMMANDS = 
  $ ./config.status taocrypt/src/Makefile depfiles

on wintao

config.status:687: creating taocrypt/src/Makefile
config.status:870: executing depfiles commands

## ---------------------- ##
## Running config.status. ##
## ---------------------- ##

This file was extended by config.status, which was
generated by GNU Autoconf 2.59.  Invocation command line was

  CONFIG_FILES    = 
  CONFIG_HEADERS  = 
  CONFIG_LINKS    = 
  CONFIG_COMMANDS = 
  $ ./config.status taocrypt/test/Makefile depfiles

on wintao

config.status:687: creating taocrypt/test/Makefile
config.status:870: executing depfiles commands

## ---------------------- ##
## Running config.status. ##
## ---------------------- ##

This file was extended by config.status, which was
generated by GNU Autoconf 2.59.  Invocation command line was

  CONFIG_FILES    = 
  CONFIG_HEADERS  = 
  CONFIG_LINKS    = 
  CONFIG_COMMANDS = 
  $ ./config.status src/Makefile depfiles

on wintao

config.status:687: creating src/Makefile
config.status:870: executing depfiles commands

## ---------------------- ##
## Running config.status. ##
## ---------------------- ##

This file was extended by config.status, which was
generated by GNU Autoconf 2.59.  Invocation command line was

  CONFIG_FILES    = 
  CONFIG_HEADERS  = 
  CONFIG_LINKS    = 
  CONFIG_COMMANDS = 
  $ ./config.status examples/Makefile

on wintao

config.status:687: creating examples/Makefile

## ---------------------- ##
## Running config.status. ##
## ---------------------- ##

This file was extended by config.status, which was
generated by GNU Autoconf 2.59.  Invocation command line was

  CONFIG_FILES    = 
  CONFIG_HEADERS  = 
  CONFIG_LINKS    = 
  CONFIG_COMMANDS = 
  $ ./config.status examples/client/Makefile depfiles

on wintao

config.status:687: creating examples/client/Makefile
config.status:870: executing depfiles commands

## ---------------------- ##
## Running config.status. ##
## ---------------------- ##

This file was extended by config.status, which was
generated by GNU Autoconf 2.59.  Invocation command line was

  CONFIG_FILES    = 
  CONFIG_HEADERS  = 
  CONFIG_LINKS    = 
  CONFIG_COMMANDS = 
  $ ./config.status examples/server/Makefile depfiles

on wintao

config.status:687: creating examples/server/Makefile
config.status:870: executing depfiles commands

## ---------------------- ##
## Running config.status. ##
## ---------------------- ##

This file was extended by config.status, which was
generated by GNU Autoconf 2.59.  Invocation command line was

  CONFIG_FILES    = 
  CONFIG_HEADERS  = 
  CONFIG_LINKS    = 
  CONFIG_COMMANDS = 
  $ ./config.status examples/echoclient/Makefile depfiles

on wintao

config.status:687: creating examples/echoclient/Makefile
config.status:870: executing depfiles commands

## ---------------------- ##
## Running config.status. ##
## ---------------------- ##

This file was extended by config.status, which was
generated by GNU Autoconf 2.59.  Invocation command line was

  CONFIG_FILES    = 
  CONFIG_HEADERS  = 
  CONFIG_LINKS    = 
  CONFIG_COMMANDS = 
  $ ./config.status examples/echoserver/Makefile depfiles

on wintao

config.status:687: creating examples/echoserver/Makefile
config.status:870: executing depfiles commands

## ---------------------- ##
## Running config.status. ##
## ---------------------- ##

This file was extended by config.status, which was
generated by GNU Autoconf 2.59.  Invocation command line was

  CONFIG_FILES    = 
  CONFIG_HEADERS  = 
  CONFIG_LINKS    = 
  CONFIG_COMMANDS = 
  $ ./config.status src/Makefile depfiles

on wintao

config.status:687: creating src/Makefile
config.status:870: executing depfiles commands
